[zine.co.in/index.html]
[backblue.gif]
[fade.gif]
[index.html]
[cdnjs.cloudflare.com/ajax/libs/font-awesome/4.7.0/css/font-awesome.min.css]
[maxcdn.bootstrapcdn.com/font-awesome/4.2.0/css/font-awesome.min.css]
[zine.co.in/index-2.html]
[zine.co.in/img/ZINE/zine1.png]
[zine.co.in/team.html]
[zine.co.in/project/Projects.html]
[zine.co.in/achievements.html]
[zine.co.in/about.html]
[zine.co.in/img/ZINE/slider5.jpg]
[zine.co.in/img/ZINE/slider3.jpg]
[zine.co.in/ComingSoon/commingsoon.html]
[zine.co.in/img/ZINE/events.png]
[zine.co.in/img/ZINE/slider4.jpg]
[zine.co.in/img/ZINE/hero7.jpg]
[zine.co.in/img/ZINE/compet.jpg]
[zine.co.in/img/ZINE/gallery/research.jpg]
[zine.co.in/img/ZINE/workshop.jpg]
[zine.co.in/img/hero7.1c.delayed]
[zine.co.in/video/Website_Compressed.mp4]
[zine.co.in/video/video_2.ogv]
[zine.co.in/img/grey-bg1.jpg]
[ajax.googleapis.com/ajax/libs/jquery/1.11.0/jquery.min.js]
[zine.co.in/js/feednami.js]
[zine.co.in/js/bootstrap.min.js]
[zine.co.in/js/skrollr.min.js]
[zine.co.in/js/spectragram.min.js]
[zine.co.in/js/flexslider.min.js]
[zine.co.in/js/jquery.plugin.min.js]
[zine.co.in/js/jquery.countdown.min.js]
[zine.co.in/js/lightbox.min.js]
[zine.co.in/js/smooth-scroll.min.js]
[zine.co.in/js/placeholders.min.js]
[zine.co.in/js/scripts.js]
[zine.co.in/js/tweets.js]
[zine.co.in/js/blog.js]
[zine.co.in/index.html]
[cdnjs.cloudflare.com/ajax/libs/font-awesome/4.7.0/css/font-awesome.min.css]
[zine.co.in/fonts/glyphicons-halflings-regular.eot]
[zine.co.in/fonts/glyphicons-halflings-regulard41d.eot]
[zine.co.in/fonts/glyphicons-halflings-regular.woff]
[zine.co.in/fonts/glyphicons-halflings-regular.ttf]
[zine.co.in/css/bootstrap.min.css]
[maxcdn.bootstrapcdn.com/font-awesome/4.2.0/css/font-awesome.min.css]
[zine.co.in/css/flexslider.min.css]
[zine.co.in/fonts/ElegantIcons.eot]
[zine.co.in/fonts/ElegantIconsd41d.eot]
[zine.co.in/fonts/ElegantIcons.woff]
[zine.co.in/fonts/ElegantIcons.ttf]
[zine.co.in/css/elegant-icons.min.css]
[zine.co.in/fonts/fontawesome-webfont5b62.eot]
[zine.co.in/fonts/fontawesome-webfontd41d.eot]
[zine.co.in/fonts/fontawesome-webfont5b62.woff2]
[zine.co.in/fonts/fontawesome-webfont5b62.woff]
[zine.co.in/fonts/fontawesome-webfont5b62.ttf]
[zine.co.in/css/font-awesome.min.css]
[zine.co.in/fonts/Pe-icon-7-strokea93c.eot]
[zine.co.in/fonts/Pe-icon-7-stroked41d.eot]
[zine.co.in/fonts/Pe-icon-7-strokea93c.woff]
[zine.co.in/fonts/Pe-icon-7-strokea93c.ttf]
[zine.co.in/css/pe-icon-7-stroke.min.css]
[zine.co.in/img/lightbox/close.png]
[zine.co.in/img/lightbox/loading.gif]
[zine.co.in/img/lightbox/prev.png]
[zine.co.in/img/lightbox/next.png]
[zine.co.in/css/lightbox.min.css]
[zine.co.in/css/theme-lava.css]
[zine.co.in/css/custom.css]
[zine.co.in/css/custom-blog.css]
[zine.co.in/css/bootstrap-theme.min.css]
[zine.co.in/css/font-awesome.css]
[zine.co.in/index-2.html]
[zine.co.in/images/zine.png]
[zine.co.in/fossasia.ico]
[zine.co.in/about/index.html]
[zine.co.in/contacts.php]
[zine.co.in/img/ZINE/Founder/rajeshsir.jpg]
[zine.co.in/img/ZINE/Founder/himanshu.jpg]
[zine.co.in/img/ZINE/Founder/arpit.jpg]
[zine.co.in/img/ZINE/Founder/anupam.jpg]
[zine.co.in/img/ZINE/Founder/soniya.jpg]
[zine.co.in/img/ZINE/FinalYear/devnath.jpg]
[zine.co.in/img/ZINE/FinalYear/nimesh.jpg]
[zine.co.in/img/ZINE/FinalYear/vikalp.jpg]
[zine.co.in/img/ZINE/thirdyear/tanmay.jpg]
[zine.co.in/img/ZINE/thirdyear/paarth.jpg]
[zine.co.in/img/ZINE/thirdyear/vibhor.jpg]
[zine.co.in/img/ZINE/thirdyear/tanisk.jpg]
[zine.co.in/img/ZINE/thirdyear/Sumit.jpg]
[zine.co.in/img/ZINE/thirdyear/kesh.jpg]
[zine.co.in/img/ZINE/thirdyear/akarth.jpg]
[zine.co.in/img/ZINE/second_year/aakash.jpg]
[zine.co.in/img/ZINE/second_year/bhanu.jpg]
[zine.co.in/img/ZINE/second_year/brijraj.jpg]
[zine.co.in/img/ZINE/second_year/charu.jpg]
[zine.co.in/img/ZINE/second_year/dhruv.jpg]
[zine.co.in/img/ZINE/second_year/harsh.jpg]
[zine.co.in/img/ZINE/second_year/kshitiz.jpg]
[zine.co.in/img/ZINE/second_year/nikita.jpg]
[zine.co.in/img/ZINE/second_year/pravesh.jpg]
[zine.co.in/img/ZINE/second_year/rajat.jpg]
[zine.co.in/img/ZINE/second_year/saransh.jpg]
[zine.co.in/img/ZINE/second_year/sneha.jpg]
[zine.co.in/img/ZINE/second_year/vaibhav.jpg]
[zine.co.in/img/ZINE/second_year/muskan.jpg]
[zine.co.in/index-3.html]
[zine.co.in/cdn-cgi/scripts/af2821b0/cloudflare-static/email-decode.min.js]
[zine.co.in/team.html]
[zine.co.in/project/fossasia.ico]
[zine.co.in/css/1font-awesome.min.css]
[zine.co.in/css/reset_bscktotop.css]
[zine.co.in/js/modernizr.js]
[zine.co.in/js/slider.js]
[zine.co.in/project/css/style_backtotop.css]
[zine.co.in/project/js/modernizr.js]
[zine.co.in/project/item-1.html]
[zine.co.in/project/item-2.html]
[zine.co.in/project/item-4.html]
[zine.co.in/project/item-5.html]
[zine.co.in/project/item-6.html]
[zine.co.in/project/item-7.html]
[zine.co.in/project/item-8.html]
[zine.co.in/project/item-9.html]
[zine.co.in/project/item-11.html]
[zine.co.in/project/item-12.html]
[zine.co.in/project/item-13.html]
[zine.co.in/project/item-14.html]
[zine.co.in/project/item-15.html]
[zine.co.in/project/item-16.html]
[zine.co.in/project/images/zine - Copy.png]
[zine.co.in/js/main_backtotop.js]
[zine.co.in/project/js/jquery-2.1.1.js]
[zine.co.in/project/js/main.js]
[zine.co.in/timeline/js/main.js]
[zine.co.in/js/maxheight.js]
[code.jquery.com/jquery-1.10.0.min.js]
[zine.co.in/project/Projects.html]
[zine.co.in/timeline/js/modernizr.js]
[code.jquery.com/jquery.js]
[zine.co.in/achievements.html]
[zine.co.in/img/ZINE/gallery/38849797_2205067419503790_8123229100425871360_o.jpg]
[zine.co.in/img/ZINE/gallery/38862554_2205067389503793_1868610901779677184_o.jpg]
[zine.co.in/img/ZINE/gallery/38891294_2205067969503735_6796937877956591616_o.jpg]
[zine.co.in/img/ZINE/gallery/check1.jpg]
[zine.co.in/img/ZINE/gallery/38898986_2205067399503792_4455784658407260160_o.jpg]
[zine.co.in/img/ZINE/gallery/1.jpg]
[zine.co.in/img/ZINE/gallery/2.jpg]
[zine.co.in/img/ZINE/gallery/3.jpg]
[zine.co.in/img/ZINE/gallery/4.jpg]
[zine.co.in/about.html]
[zine.co.in/ComingSoon/images/COMP.jpg]
[zine.co.in/ComingSoon/common-js/jquery-3.1.1.min.js]
[zine.co.in/ComingSoon/common-js/jquery.countdown.min.js]
[zine.co.in/ComingSoon/common-js/scripts.js]
[zine.co.in/ComingSoon/commingsoon.html]
[zine.co.in/img/ZINE/events.png]
[zine.co.in/img/hero7.html]
[zine.co.in/video/video_2.ogv]
[zine.co.in/fonts/glyphicons-halflings-regular.svg]
[zine.co.in/fonts/ElegantIcons.svg]
[zine.co.in/fonts/fontawesome-webfont5b62.svg]
[zine.co.in/fonts/Pe-icon-7-strokea93c.svg]
[zine.co.in/fossasia.html]
[zine.co.in/about/index.html]
[zine.co.in/contacts.html]
[zine.co.in/img/ZINE/thirdyear/afasf.jpg]
[zine.co.in/img/ZINE/thirdyear/pranav.jpg]
[zine.co.in/index-3.html]
[zine.co.in/cdn-cgi/scripts/af2821b0/cloudflare-static/email-decode.min.html]
[zine.co.in/project/fossasia.html]
[zine.co.in/css/1font-awesome.min.html]
[zine.co.in/css/reset_bscktotop.html]
[zine.co.in/css/style_backtotop.css]
[zine.co.in/timeline/css/reset.css]
[zine.co.in/timeline/css/style_timeline.css]
[zine.co.in/css/slider.css]
[zine.co.in/project/css/style_backtotop.html]
[zine.co.in/project/css/reset.css]
[zine.co.in/project/css/a1.jpg]
[zine.co.in/project/css/a2.jpg]
[zine.co.in/project/css/a3.jpg]
[zine.co.in/project/css/a4.jpg]
[zine.co.in/project/css/a5.jpg]
[zine.co.in/project/css/a6.jpg]
[zine.co.in/project/css/a7.jpg]
[zine.co.in/project/css/a8.jpg]
[zine.co.in/project/css/a9.jpg]
[zine.co.in/project/css/a10.jpg]
[zine.co.in/project/css/a11.jpg]
[zine.co.in/project/css/a12.jpg]
[zine.co.in/project/css/a13.jpg]
[zine.co.in/project/css/a14.jpg]
[zine.co.in/project/css/a15.c2.delayed]
[zine.co.in/project/css/a16.jpg]
[zine.co.in/project/css/style.css]
[zine.co.in/project/item-1.html]
[zine.co.in/project/item-2.html]
[zine.co.in/project/item-4.html]
[zine.co.in/project/item-5.html]
[zine.co.in/project/item-6.html]
[zine.co.in/project/item-7.html]
[zine.co.in/project/item-8.html]
[zine.co.in/project/item-9.html]
[zine.co.in/project/item-11.html]
[zine.co.in/project/item-12.html]
[zine.co.in/project/item-13.html]
[zine.co.in/project/item-14.html]
[zine.co.in/project/item-15.html]
[zine.co.in/project/item-16.html]
[zine.co.in/project/images/zine - Copy.html]
[zine.co.in/img/cd-icon-trophy.svg]
[zine.co.in/img/cd-icon-ktj.svg]
[zine.co.in/img/cd-icon-research.svg]
[zine.co.in/img/cd-icon-movie.svg]
[zine.co.in/img/cd-icon-Ti.svg]
[zine.co.in/img/cd-icon-auto.svg]
[zine.co.in/img/cd-icon-project.svg]
[zine.co.in/img/cd-icon-tech.svg]
[zine.co.in/img/cd-icon-mis.svg]
[zine.co.in/img/cd-icon-gear.svg]
[zine.co.in/img/cd-icon-pg.svg]
[zine.co.in/img/cd-icon-trop.svg]
[zine.co.in/img/cd-icon-ec.svg]
[zine.co.in/img/cd-icon-pol.svg]
[zine.co.in/img/cd-icon-business.svg]
[zine.co.in/img/cd-icon-poster.svg]
[zine.co.in/img/cd-icon-fest.svg]
[zine.co.in/img/cd-icon-nexus.svg]
[zine.co.in/ComingSoon/fonts/ionicons28b5.eot]
[zine.co.in/ComingSoon/fonts/ionicons28b5.ttf]
[zine.co.in/ComingSoon/fonts/ionicons28b5.woff]
[zine.co.in/ComingSoon/common-css/ionicons.css]
[zine.co.in/ComingSoon/common-css/jquery.classycountdown.css]
[zine.co.in/ComingSoon/08-comming-soon/css/styles.css]
[zine.co.in/ComingSoon/08-comming-soon/css/responsive.css]
[zine.co.in/img/cd-top-arrow.svg]
[zine.co.in/project/css/a15.html]
[zine.co.in/project/css/a16.html]
[zine.co.in/ComingSoon/fonts/ionicons28b5.svg]
